Apr 24 2026 07:45:27
{"type":8192,"message":"Return type of Ai1wm_Recursive_Newline_Filter::accept() should either be compatible with FilterIterator::accept(): bool, or the #[\\ReturnTypeWillChange] attribute should be used to temporarily suppress the notice","file":"D:\\Projects\\Alawaresort\\wp-content\\plugins\\all-in-one-wp-migration-master\\lib\\vendor\\servmask\\filter\\class-ai1wm-recursive-newline-filter.php","line":28}

Apr 24 2026 07:45:27
{"type":8192,"message":"Return type of Ai1wm_Recursive_Newline_Filter::accept() should either be compatible with FilterIterator::accept(): bool, or the #[\\ReturnTypeWillChange] attribute should be used to temporarily suppress the notice","file":"D:\\Projects\\Alawaresort\\wp-content\\plugins\\all-in-one-wp-migration-master\\lib\\vendor\\servmask\\filter\\class-ai1wm-recursive-newline-filter.php","line":28}

Apr 24 2026 07:45:27
{"type":8192,"message":"Return type of Ai1wm_Recursive_Newline_Filter::accept() should either be compatible with FilterIterator::accept(): bool, or the #[\\ReturnTypeWillChange] attribute should be used to temporarily suppress the notice","file":"D:\\Projects\\Alawaresort\\wp-content\\plugins\\all-in-one-wp-migration-master\\lib\\vendor\\servmask\\filter\\class-ai1wm-recursive-newline-filter.php","line":28}

Apr 24 2026 07:45:27
{"type":8192,"message":"Return type of Ai1wm_Recursive_Newline_Filter::accept() should either be compatible with FilterIterator::accept(): bool, or the #[\\ReturnTypeWillChange] attribute should be used to temporarily suppress the notice","file":"D:\\Projects\\Alawaresort\\wp-content\\plugins\\all-in-one-wp-migration-master\\lib\\vendor\\servmask\\filter\\class-ai1wm-recursive-newline-filter.php","line":28}

Apr 24 2026 07:45:28
{"type":8192,"message":"Return type of Ai1wm_Recursive_Newline_Filter::accept() should either be compatible with FilterIterator::accept(): bool, or the #[\\ReturnTypeWillChange] attribute should be used to temporarily suppress the notice","file":"D:\\Projects\\Alawaresort\\wp-content\\plugins\\all-in-one-wp-migration-master\\lib\\vendor\\servmask\\filter\\class-ai1wm-recursive-newline-filter.php","line":28}

Apr 24 2026 07:45:28
{"type":8192,"message":"Return type of Ai1wm_Recursive_Newline_Filter::accept() should either be compatible with FilterIterator::accept(): bool, or the #[\\ReturnTypeWillChange] attribute should be used to temporarily suppress the notice","file":"D:\\Projects\\Alawaresort\\wp-content\\plugins\\all-in-one-wp-migration-master\\lib\\vendor\\servmask\\filter\\class-ai1wm-recursive-newline-filter.php","line":28}

Apr 24 2026 07:45:30
{"type":8192,"message":"Return type of Ai1wm_Recursive_Newline_Filter::accept() should either be compatible with FilterIterator::accept(): bool, or the #[\\ReturnTypeWillChange] attribute should be used to temporarily suppress the notice","file":"D:\\Projects\\Alawaresort\\wp-content\\plugins\\all-in-one-wp-migration-master\\lib\\vendor\\servmask\\filter\\class-ai1wm-recursive-newline-filter.php","line":28}

Apr 24 2026 07:45:30
{"type":8192,"message":"Return type of Ai1wm_Recursive_Newline_Filter::accept() should either be compatible with FilterIterator::accept(): bool, or the #[\\ReturnTypeWillChange] attribute should be used to temporarily suppress the notice","file":"D:\\Projects\\Alawaresort\\wp-content\\plugins\\all-in-one-wp-migration-master\\lib\\vendor\\servmask\\filter\\class-ai1wm-recursive-newline-filter.php","line":28}

Apr 24 2026 07:45:30
{"type":8192,"message":"Return type of Ai1wm_Recursive_Newline_Filter::accept() should either be compatible with FilterIterator::accept(): bool, or the #[\\ReturnTypeWillChange] attribute should be used to temporarily suppress the notice","file":"D:\\Projects\\Alawaresort\\wp-content\\plugins\\all-in-one-wp-migration-master\\lib\\vendor\\servmask\\filter\\class-ai1wm-recursive-newline-filter.php","line":28}

Apr 24 2026 07:45:31
{"type":8192,"message":"Return type of Ai1wm_Recursive_Newline_Filter::accept() should either be compatible with FilterIterator::accept(): bool, or the #[\\ReturnTypeWillChange] attribute should be used to temporarily suppress the notice","file":"D:\\Projects\\Alawaresort\\wp-content\\plugins\\all-in-one-wp-migration-master\\lib\\vendor\\servmask\\filter\\class-ai1wm-recursive-newline-filter.php","line":28}

Apr 24 2026 07:45:31
{"type":8192,"message":"Return type of Ai1wm_Recursive_Newline_Filter::accept() should either be compatible with FilterIterator::accept(): bool, or the #[\\ReturnTypeWillChange] attribute should be used to temporarily suppress the notice","file":"D:\\Projects\\Alawaresort\\wp-content\\plugins\\all-in-one-wp-migration-master\\lib\\vendor\\servmask\\filter\\class-ai1wm-recursive-newline-filter.php","line":28}

Apr 24 2026 07:45:31
{"type":8192,"message":"Return type of Ai1wm_Recursive_Newline_Filter::accept() should either be compatible with FilterIterator::accept(): bool, or the #[\\ReturnTypeWillChange] attribute should be used to temporarily suppress the notice","file":"D:\\Projects\\Alawaresort\\wp-content\\plugins\\all-in-one-wp-migration-master\\lib\\vendor\\servmask\\filter\\class-ai1wm-recursive-newline-filter.php","line":28}

Apr 24 2026 07:45:31
{"type":8192,"message":"Return type of Ai1wm_Recursive_Newline_Filter::accept() should either be compatible with FilterIterator::accept(): bool, or the #[\\ReturnTypeWillChange] attribute should be used to temporarily suppress the notice","file":"D:\\Projects\\Alawaresort\\wp-content\\plugins\\all-in-one-wp-migration-master\\lib\\vendor\\servmask\\filter\\class-ai1wm-recursive-newline-filter.php","line":28}

Apr 24 2026 07:46:17
{"type":8192,"message":"Return type of Ai1wm_Recursive_Newline_Filter::accept() should either be compatible with FilterIterator::accept(): bool, or the #[\\ReturnTypeWillChange] attribute should be used to temporarily suppress the notice","file":"D:\\Projects\\Alawaresort\\wp-content\\plugins\\all-in-one-wp-migration-master\\lib\\vendor\\servmask\\filter\\class-ai1wm-recursive-newline-filter.php","line":28}

Apr 24 2026 07:46:20
{"type":8192,"message":"Return type of Ai1wm_Recursive_Newline_Filter::accept() should either be compatible with FilterIterator::accept(): bool, or the #[\\ReturnTypeWillChange] attribute should be used to temporarily suppress the notice","file":"D:\\Projects\\Alawaresort\\wp-content\\plugins\\all-in-one-wp-migration-master\\lib\\vendor\\servmask\\filter\\class-ai1wm-recursive-newline-filter.php","line":28}

Apr 24 2026 07:46:20
{"type":8192,"message":"Return type of Ai1wm_Recursive_Newline_Filter::accept() should either be compatible with FilterIterator::accept(): bool, or the #[\\ReturnTypeWillChange] attribute should be used to temporarily suppress the notice","file":"D:\\Projects\\Alawaresort\\wp-content\\plugins\\all-in-one-wp-migration-master\\lib\\vendor\\servmask\\filter\\class-ai1wm-recursive-newline-filter.php","line":28}

Apr 24 2026 07:46:37
{"type":8192,"message":"Return type of Ai1wm_Recursive_Newline_Filter::accept() should either be compatible with FilterIterator::accept(): bool, or the #[\\ReturnTypeWillChange] attribute should be used to temporarily suppress the notice","file":"D:\\Projects\\Alawaresort\\wp-content\\plugins\\all-in-one-wp-migration-master\\lib\\vendor\\servmask\\filter\\class-ai1wm-recursive-newline-filter.php","line":28}

Apr 24 2026 07:46:38
{"type":8192,"message":"Return type of Ai1wm_Recursive_Newline_Filter::accept() should either be compatible with FilterIterator::accept(): bool, or the #[\\ReturnTypeWillChange] attribute should be used to temporarily suppress the notice","file":"D:\\Projects\\Alawaresort\\wp-content\\plugins\\all-in-one-wp-migration-master\\lib\\vendor\\servmask\\filter\\class-ai1wm-recursive-newline-filter.php","line":28}

Apr 24 2026 07:46:48
{"type":8192,"message":"Return type of Ai1wm_Recursive_Newline_Filter::accept() should either be compatible with FilterIterator::accept(): bool, or the #[\\ReturnTypeWillChange] attribute should be used to temporarily suppress the notice","file":"D:\\Projects\\Alawaresort\\wp-content\\plugins\\all-in-one-wp-migration-master\\lib\\vendor\\servmask\\filter\\class-ai1wm-recursive-newline-filter.php","line":28}

Apr 24 2026 07:46:58
{"type":8192,"message":"Return type of Ai1wm_Recursive_Newline_Filter::accept() should either be compatible with FilterIterator::accept(): bool, or the #[\\ReturnTypeWillChange] attribute should be used to temporarily suppress the notice","file":"D:\\Projects\\Alawaresort\\wp-content\\plugins\\all-in-one-wp-migration-master\\lib\\vendor\\servmask\\filter\\class-ai1wm-recursive-newline-filter.php","line":28}

Apr 24 2026 07:47:09
{"type":8192,"message":"Return type of Ai1wm_Recursive_Newline_Filter::accept() should either be compatible with FilterIterator::accept(): bool, or the #[\\ReturnTypeWillChange] attribute should be used to temporarily suppress the notice","file":"D:\\Projects\\Alawaresort\\wp-content\\plugins\\all-in-one-wp-migration-master\\lib\\vendor\\servmask\\filter\\class-ai1wm-recursive-newline-filter.php","line":28}

Apr 24 2026 07:47:20
{"type":8192,"message":"Return type of Ai1wm_Recursive_Newline_Filter::accept() should either be compatible with FilterIterator::accept(): bool, or the #[\\ReturnTypeWillChange] attribute should be used to temporarily suppress the notice","file":"D:\\Projects\\Alawaresort\\wp-content\\plugins\\all-in-one-wp-migration-master\\lib\\vendor\\servmask\\filter\\class-ai1wm-recursive-newline-filter.php","line":28}

Apr 24 2026 07:47:30
{"type":8192,"message":"Return type of Ai1wm_Recursive_Newline_Filter::accept() should either be compatible with FilterIterator::accept(): bool, or the #[\\ReturnTypeWillChange] attribute should be used to temporarily suppress the notice","file":"D:\\Projects\\Alawaresort\\wp-content\\plugins\\all-in-one-wp-migration-master\\lib\\vendor\\servmask\\filter\\class-ai1wm-recursive-newline-filter.php","line":28}

Apr 24 2026 07:47:43
{"type":8192,"message":"Return type of Ai1wm_Recursive_Newline_Filter::accept() should either be compatible with FilterIterator::accept(): bool, or the #[\\ReturnTypeWillChange] attribute should be used to temporarily suppress the notice","file":"D:\\Projects\\Alawaresort\\wp-content\\plugins\\all-in-one-wp-migration-master\\lib\\vendor\\servmask\\filter\\class-ai1wm-recursive-newline-filter.php","line":28}

Apr 24 2026 07:47:53
{"type":8192,"message":"Return type of Ai1wm_Recursive_Newline_Filter::accept() should either be compatible with FilterIterator::accept(): bool, or the #[\\ReturnTypeWillChange] attribute should be used to temporarily suppress the notice","file":"D:\\Projects\\Alawaresort\\wp-content\\plugins\\all-in-one-wp-migration-master\\lib\\vendor\\servmask\\filter\\class-ai1wm-recursive-newline-filter.php","line":28}

Apr 24 2026 07:48:06
{"type":8192,"message":"Return type of Ai1wm_Recursive_Newline_Filter::accept() should either be compatible with FilterIterator::accept(): bool, or the #[\\ReturnTypeWillChange] attribute should be used to temporarily suppress the notice","file":"D:\\Projects\\Alawaresort\\wp-content\\plugins\\all-in-one-wp-migration-master\\lib\\vendor\\servmask\\filter\\class-ai1wm-recursive-newline-filter.php","line":28}

Apr 24 2026 07:48:17
{"type":8192,"message":"Return type of Ai1wm_Recursive_Newline_Filter::accept() should either be compatible with FilterIterator::accept(): bool, or the #[\\ReturnTypeWillChange] attribute should be used to temporarily suppress the notice","file":"D:\\Projects\\Alawaresort\\wp-content\\plugins\\all-in-one-wp-migration-master\\lib\\vendor\\servmask\\filter\\class-ai1wm-recursive-newline-filter.php","line":28}

Apr 24 2026 07:48:30
{"type":8192,"message":"Return type of Ai1wm_Recursive_Newline_Filter::accept() should either be compatible with FilterIterator::accept(): bool, or the #[\\ReturnTypeWillChange] attribute should be used to temporarily suppress the notice","file":"D:\\Projects\\Alawaresort\\wp-content\\plugins\\all-in-one-wp-migration-master\\lib\\vendor\\servmask\\filter\\class-ai1wm-recursive-newline-filter.php","line":28}

Apr 24 2026 07:48:34
{"type":8192,"message":"Return type of Ai1wm_Recursive_Newline_Filter::accept() should either be compatible with FilterIterator::accept(): bool, or the #[\\ReturnTypeWillChange] attribute should be used to temporarily suppress the notice","file":"D:\\Projects\\Alawaresort\\wp-content\\plugins\\all-in-one-wp-migration-master\\lib\\vendor\\servmask\\filter\\class-ai1wm-recursive-newline-filter.php","line":28}

Apr 24 2026 07:48:36
{"type":8192,"message":"Return type of Ai1wm_Recursive_Newline_Filter::accept() should either be compatible with FilterIterator::accept(): bool, or the #[\\ReturnTypeWillChange] attribute should be used to temporarily suppress the notice","file":"D:\\Projects\\Alawaresort\\wp-content\\plugins\\all-in-one-wp-migration-master\\lib\\vendor\\servmask\\filter\\class-ai1wm-recursive-newline-filter.php","line":28}

Apr 24 2026 07:48:36
{"Number":8192,"Message":"rtrim(): Passing null to parameter #1 ($string) of type string is deprecated","File":"D:\\Projects\\Alawaresort\\wp-includes\\formatting.php","Line":2837}

Apr 24 2026 07:48:36
{"Number":8192,"Message":"rtrim(): Passing null to parameter #1 ($string) of type string is deprecated","File":"D:\\Projects\\Alawaresort\\wp-includes\\formatting.php","Line":2837}

Apr 24 2026 07:48:36
{"Number":8192,"Message":"rtrim(): Passing null to parameter #1 ($string) of type string is deprecated","File":"D:\\Projects\\Alawaresort\\wp-includes\\formatting.php","Line":2837}

Apr 24 2026 07:48:36
{"Number":8192,"Message":"rtrim(): Passing null to parameter #1 ($string) of type string is deprecated","File":"D:\\Projects\\Alawaresort\\wp-includes\\formatting.php","Line":2837}

Apr 24 2026 07:48:36
{"Number":8192,"Message":"rtrim(): Passing null to parameter #1 ($string) of type string is deprecated","File":"D:\\Projects\\Alawaresort\\wp-includes\\formatting.php","Line":2837}

Apr 24 2026 07:48:36
{"Number":8192,"Message":"rtrim(): Passing null to parameter #1 ($string) of type string is deprecated","File":"D:\\Projects\\Alawaresort\\wp-includes\\formatting.php","Line":2837}

Apr 24 2026 07:48:36
{"Number":8192,"Message":"rtrim(): Passing null to parameter #1 ($string) of type string is deprecated","File":"D:\\Projects\\Alawaresort\\wp-includes\\formatting.php","Line":2837}

Apr 24 2026 07:48:36
{"Number":8192,"Message":"rtrim(): Passing null to parameter #1 ($string) of type string is deprecated","File":"D:\\Projects\\Alawaresort\\wp-includes\\formatting.php","Line":2837}

Apr 24 2026 07:48:36
{"Number":8192,"Message":"rtrim(): Passing null to parameter #1 ($string) of type string is deprecated","File":"D:\\Projects\\Alawaresort\\wp-includes\\formatting.php","Line":2837}

Apr 24 2026 07:48:36
{"Number":8192,"Message":"rtrim(): Passing null to parameter #1 ($string) of type string is deprecated","File":"D:\\Projects\\Alawaresort\\wp-includes\\formatting.php","Line":2837}

Apr 24 2026 07:48:36
{"Number":8192,"Message":"rtrim(): Passing null to parameter #1 ($string) of type string is deprecated","File":"D:\\Projects\\Alawaresort\\wp-includes\\formatting.php","Line":2837}

Apr 24 2026 07:48:36
{"Number":8192,"Message":"rtrim(): Passing null to parameter #1 ($string) of type string is deprecated","File":"D:\\Projects\\Alawaresort\\wp-includes\\formatting.php","Line":2837}

Apr 24 2026 07:48:36
{"Number":8192,"Message":"rtrim(): Passing null to parameter #1 ($string) of type string is deprecated","File":"D:\\Projects\\Alawaresort\\wp-includes\\formatting.php","Line":2837}

Apr 24 2026 07:48:36
{"Number":8192,"Message":"rtrim(): Passing null to parameter #1 ($string) of type string is deprecated","File":"D:\\Projects\\Alawaresort\\wp-includes\\formatting.php","Line":2837}

Apr 24 2026 07:48:36
{"Number":8192,"Message":"rtrim(): Passing null to parameter #1 ($string) of type string is deprecated","File":"D:\\Projects\\Alawaresort\\wp-includes\\formatting.php","Line":2837}

Apr 24 2026 07:48:36
{"Number":8192,"Message":"rtrim(): Passing null to parameter #1 ($string) of type string is deprecated","File":"D:\\Projects\\Alawaresort\\wp-includes\\formatting.php","Line":2837}

Apr 24 2026 07:48:36
{"Number":8192,"Message":"rtrim(): Passing null to parameter #1 ($string) of type string is deprecated","File":"D:\\Projects\\Alawaresort\\wp-includes\\formatting.php","Line":2837}

Apr 24 2026 07:48:36
{"Number":8192,"Message":"rtrim(): Passing null to parameter #1 ($string) of type string is deprecated","File":"D:\\Projects\\Alawaresort\\wp-includes\\formatting.php","Line":2837}

Apr 24 2026 07:48:36
{"Number":8192,"Message":"rtrim(): Passing null to parameter #1 ($string) of type string is deprecated","File":"D:\\Projects\\Alawaresort\\wp-includes\\formatting.php","Line":2837}

Apr 24 2026 07:48:36
{"Number":8192,"Message":"rtrim(): Passing null to parameter #1 ($string) of type string is deprecated","File":"D:\\Projects\\Alawaresort\\wp-includes\\formatting.php","Line":2837}

Apr 24 2026 07:48:36
{"Number":8192,"Message":"rtrim(): Passing null to parameter #1 ($string) of type string is deprecated","File":"D:\\Projects\\Alawaresort\\wp-includes\\formatting.php","Line":2837}

Apr 24 2026 07:48:36
{"Number":8192,"Message":"rtrim(): Passing null to parameter #1 ($string) of type string is deprecated","File":"D:\\Projects\\Alawaresort\\wp-includes\\formatting.php","Line":2837}

Apr 24 2026 07:48:36
{"Number":8192,"Message":"rtrim(): Passing null to parameter #1 ($string) of type string is deprecated","File":"D:\\Projects\\Alawaresort\\wp-includes\\formatting.php","Line":2837}

Apr 24 2026 07:48:36
{"Number":8192,"Message":"rtrim(): Passing null to parameter #1 ($string) of type string is deprecated","File":"D:\\Projects\\Alawaresort\\wp-includes\\formatting.php","Line":2837}

Apr 24 2026 07:48:36
{"Number":8192,"Message":"Creation of dynamic property Ai1wm_Database_Mysqli::$old_replace_raw_values is deprecated","File":"D:\\Projects\\Alawaresort\\wp-content\\plugins\\all-in-one-wp-migration-master\\lib\\vendor\\servmask\\database\\class-ai1wm-database.php","Line":300}

Apr 24 2026 07:48:36
{"Number":8192,"Message":"Creation of dynamic property Ai1wm_Database_Mysqli::$new_replace_raw_values is deprecated","File":"D:\\Projects\\Alawaresort\\wp-content\\plugins\\all-in-one-wp-migration-master\\lib\\vendor\\servmask\\database\\class-ai1wm-database.php","Line":321}

Apr 24 2026 07:48:51
{"type":8192,"message":"Return type of Ai1wm_Recursive_Newline_Filter::accept() should either be compatible with FilterIterator::accept(): bool, or the #[\\ReturnTypeWillChange] attribute should be used to temporarily suppress the notice","file":"D:\\Projects\\Alawaresort\\wp-content\\plugins\\all-in-one-wp-migration-master\\lib\\vendor\\servmask\\filter\\class-ai1wm-recursive-newline-filter.php","line":28}

Apr 24 2026 07:48:51
{"Number":8192,"Message":"rtrim(): Passing null to parameter #1 ($string) of type string is deprecated","File":"D:\\Projects\\Alawaresort\\wp-includes\\formatting.php","Line":2837}

Apr 24 2026 07:48:51
{"Number":8192,"Message":"rtrim(): Passing null to parameter #1 ($string) of type string is deprecated","File":"D:\\Projects\\Alawaresort\\wp-includes\\formatting.php","Line":2837}

Apr 24 2026 07:48:51
{"Number":8192,"Message":"rtrim(): Passing null to parameter #1 ($string) of type string is deprecated","File":"D:\\Projects\\Alawaresort\\wp-includes\\formatting.php","Line":2837}

Apr 24 2026 07:48:51
{"Number":8192,"Message":"rtrim(): Passing null to parameter #1 ($string) of type string is deprecated","File":"D:\\Projects\\Alawaresort\\wp-includes\\formatting.php","Line":2837}

Apr 24 2026 07:48:51
{"Number":8192,"Message":"rtrim(): Passing null to parameter #1 ($string) of type string is deprecated","File":"D:\\Projects\\Alawaresort\\wp-includes\\formatting.php","Line":2837}

Apr 24 2026 07:48:51
{"Number":8192,"Message":"rtrim(): Passing null to parameter #1 ($string) of type string is deprecated","File":"D:\\Projects\\Alawaresort\\wp-includes\\formatting.php","Line":2837}

Apr 24 2026 07:48:51
{"Number":8192,"Message":"rtrim(): Passing null to parameter #1 ($string) of type string is deprecated","File":"D:\\Projects\\Alawaresort\\wp-includes\\formatting.php","Line":2837}

Apr 24 2026 07:48:51
{"Number":8192,"Message":"rtrim(): Passing null to parameter #1 ($string) of type string is deprecated","File":"D:\\Projects\\Alawaresort\\wp-includes\\formatting.php","Line":2837}

Apr 24 2026 07:48:51
{"Number":8192,"Message":"rtrim(): Passing null to parameter #1 ($string) of type string is deprecated","File":"D:\\Projects\\Alawaresort\\wp-includes\\formatting.php","Line":2837}

Apr 24 2026 07:48:51
{"Number":8192,"Message":"rtrim(): Passing null to parameter #1 ($string) of type string is deprecated","File":"D:\\Projects\\Alawaresort\\wp-includes\\formatting.php","Line":2837}

Apr 24 2026 07:48:51
{"Number":8192,"Message":"rtrim(): Passing null to parameter #1 ($string) of type string is deprecated","File":"D:\\Projects\\Alawaresort\\wp-includes\\formatting.php","Line":2837}

Apr 24 2026 07:48:51
{"Number":8192,"Message":"rtrim(): Passing null to parameter #1 ($string) of type string is deprecated","File":"D:\\Projects\\Alawaresort\\wp-includes\\formatting.php","Line":2837}

Apr 24 2026 07:48:51
{"Number":8192,"Message":"rtrim(): Passing null to parameter #1 ($string) of type string is deprecated","File":"D:\\Projects\\Alawaresort\\wp-includes\\formatting.php","Line":2837}

Apr 24 2026 07:48:51
{"Number":8192,"Message":"rtrim(): Passing null to parameter #1 ($string) of type string is deprecated","File":"D:\\Projects\\Alawaresort\\wp-includes\\formatting.php","Line":2837}

Apr 24 2026 07:48:51
{"Number":8192,"Message":"rtrim(): Passing null to parameter #1 ($string) of type string is deprecated","File":"D:\\Projects\\Alawaresort\\wp-includes\\formatting.php","Line":2837}

Apr 24 2026 07:48:51
{"Number":8192,"Message":"rtrim(): Passing null to parameter #1 ($string) of type string is deprecated","File":"D:\\Projects\\Alawaresort\\wp-includes\\formatting.php","Line":2837}

Apr 24 2026 07:48:51
{"Number":8192,"Message":"rtrim(): Passing null to parameter #1 ($string) of type string is deprecated","File":"D:\\Projects\\Alawaresort\\wp-includes\\formatting.php","Line":2837}

Apr 24 2026 07:48:51
{"Number":8192,"Message":"rtrim(): Passing null to parameter #1 ($string) of type string is deprecated","File":"D:\\Projects\\Alawaresort\\wp-includes\\formatting.php","Line":2837}

Apr 24 2026 07:48:51
{"Number":8192,"Message":"rtrim(): Passing null to parameter #1 ($string) of type string is deprecated","File":"D:\\Projects\\Alawaresort\\wp-includes\\formatting.php","Line":2837}

Apr 24 2026 07:48:51
{"Number":8192,"Message":"rtrim(): Passing null to parameter #1 ($string) of type string is deprecated","File":"D:\\Projects\\Alawaresort\\wp-includes\\formatting.php","Line":2837}

Apr 24 2026 07:48:51
{"Number":8192,"Message":"rtrim(): Passing null to parameter #1 ($string) of type string is deprecated","File":"D:\\Projects\\Alawaresort\\wp-includes\\formatting.php","Line":2837}

Apr 24 2026 07:48:51
{"Number":8192,"Message":"rtrim(): Passing null to parameter #1 ($string) of type string is deprecated","File":"D:\\Projects\\Alawaresort\\wp-includes\\formatting.php","Line":2837}

Apr 24 2026 07:48:51
{"Number":8192,"Message":"rtrim(): Passing null to parameter #1 ($string) of type string is deprecated","File":"D:\\Projects\\Alawaresort\\wp-includes\\formatting.php","Line":2837}

Apr 24 2026 07:48:51
{"Number":8192,"Message":"rtrim(): Passing null to parameter #1 ($string) of type string is deprecated","File":"D:\\Projects\\Alawaresort\\wp-includes\\formatting.php","Line":2837}

Apr 24 2026 07:48:51
{"Number":8192,"Message":"Creation of dynamic property Ai1wm_Database_Mysqli::$old_replace_raw_values is deprecated","File":"D:\\Projects\\Alawaresort\\wp-content\\plugins\\all-in-one-wp-migration-master\\lib\\vendor\\servmask\\database\\class-ai1wm-database.php","Line":300}

Apr 24 2026 07:48:51
{"Number":8192,"Message":"Creation of dynamic property Ai1wm_Database_Mysqli::$new_replace_raw_values is deprecated","File":"D:\\Projects\\Alawaresort\\wp-content\\plugins\\all-in-one-wp-migration-master\\lib\\vendor\\servmask\\database\\class-ai1wm-database.php","Line":321}

Apr 24 2026 07:49:01
{"type":8192,"message":"Return type of Ai1wm_Recursive_Newline_Filter::accept() should either be compatible with FilterIterator::accept(): bool, or the #[\\ReturnTypeWillChange] attribute should be used to temporarily suppress the notice","file":"D:\\Projects\\Alawaresort\\wp-content\\plugins\\all-in-one-wp-migration-master\\lib\\vendor\\servmask\\filter\\class-ai1wm-recursive-newline-filter.php","line":28}

Apr 24 2026 07:49:01
{"Number":8192,"Message":"rtrim(): Passing null to parameter #1 ($string) of type string is deprecated","File":"D:\\Projects\\Alawaresort\\wp-includes\\formatting.php","Line":2837}

Apr 24 2026 07:49:01
{"Number":8192,"Message":"rtrim(): Passing null to parameter #1 ($string) of type string is deprecated","File":"D:\\Projects\\Alawaresort\\wp-includes\\formatting.php","Line":2837}

Apr 24 2026 07:49:01
{"Number":8192,"Message":"rtrim(): Passing null to parameter #1 ($string) of type string is deprecated","File":"D:\\Projects\\Alawaresort\\wp-includes\\formatting.php","Line":2837}

Apr 24 2026 07:49:01
{"Number":8192,"Message":"rtrim(): Passing null to parameter #1 ($string) of type string is deprecated","File":"D:\\Projects\\Alawaresort\\wp-includes\\formatting.php","Line":2837}

Apr 24 2026 07:49:01
{"Number":8192,"Message":"rtrim(): Passing null to parameter #1 ($string) of type string is deprecated","File":"D:\\Projects\\Alawaresort\\wp-includes\\formatting.php","Line":2837}

Apr 24 2026 07:49:01
{"Number":8192,"Message":"rtrim(): Passing null to parameter #1 ($string) of type string is deprecated","File":"D:\\Projects\\Alawaresort\\wp-includes\\formatting.php","Line":2837}

Apr 24 2026 07:49:01
{"Number":8192,"Message":"rtrim(): Passing null to parameter #1 ($string) of type string is deprecated","File":"D:\\Projects\\Alawaresort\\wp-includes\\formatting.php","Line":2837}

Apr 24 2026 07:49:01
{"Number":8192,"Message":"rtrim(): Passing null to parameter #1 ($string) of type string is deprecated","File":"D:\\Projects\\Alawaresort\\wp-includes\\formatting.php","Line":2837}

Apr 24 2026 07:49:01
{"Number":8192,"Message":"rtrim(): Passing null to parameter #1 ($string) of type string is deprecated","File":"D:\\Projects\\Alawaresort\\wp-includes\\formatting.php","Line":2837}

Apr 24 2026 07:49:01
{"Number":8192,"Message":"rtrim(): Passing null to parameter #1 ($string) of type string is deprecated","File":"D:\\Projects\\Alawaresort\\wp-includes\\formatting.php","Line":2837}

Apr 24 2026 07:49:01
{"Number":8192,"Message":"rtrim(): Passing null to parameter #1 ($string) of type string is deprecated","File":"D:\\Projects\\Alawaresort\\wp-includes\\formatting.php","Line":2837}

Apr 24 2026 07:49:01
{"Number":8192,"Message":"rtrim(): Passing null to parameter #1 ($string) of type string is deprecated","File":"D:\\Projects\\Alawaresort\\wp-includes\\formatting.php","Line":2837}

Apr 24 2026 07:49:01
{"Number":8192,"Message":"rtrim(): Passing null to parameter #1 ($string) of type string is deprecated","File":"D:\\Projects\\Alawaresort\\wp-includes\\formatting.php","Line":2837}

Apr 24 2026 07:49:01
{"Number":8192,"Message":"rtrim(): Passing null to parameter #1 ($string) of type string is deprecated","File":"D:\\Projects\\Alawaresort\\wp-includes\\formatting.php","Line":2837}

Apr 24 2026 07:49:01
{"Number":8192,"Message":"rtrim(): Passing null to parameter #1 ($string) of type string is deprecated","File":"D:\\Projects\\Alawaresort\\wp-includes\\formatting.php","Line":2837}

Apr 24 2026 07:49:01
{"Number":8192,"Message":"rtrim(): Passing null to parameter #1 ($string) of type string is deprecated","File":"D:\\Projects\\Alawaresort\\wp-includes\\formatting.php","Line":2837}

Apr 24 2026 07:49:01
{"Number":8192,"Message":"rtrim(): Passing null to parameter #1 ($string) of type string is deprecated","File":"D:\\Projects\\Alawaresort\\wp-includes\\formatting.php","Line":2837}

Apr 24 2026 07:49:01
{"Number":8192,"Message":"rtrim(): Passing null to parameter #1 ($string) of type string is deprecated","File":"D:\\Projects\\Alawaresort\\wp-includes\\formatting.php","Line":2837}

Apr 24 2026 07:49:01
{"Number":8192,"Message":"rtrim(): Passing null to parameter #1 ($string) of type string is deprecated","File":"D:\\Projects\\Alawaresort\\wp-includes\\formatting.php","Line":2837}

Apr 24 2026 07:49:01
{"Number":8192,"Message":"rtrim(): Passing null to parameter #1 ($string) of type string is deprecated","File":"D:\\Projects\\Alawaresort\\wp-includes\\formatting.php","Line":2837}

Apr 24 2026 07:49:01
{"Number":8192,"Message":"rtrim(): Passing null to parameter #1 ($string) of type string is deprecated","File":"D:\\Projects\\Alawaresort\\wp-includes\\formatting.php","Line":2837}

Apr 24 2026 07:49:01
{"Number":8192,"Message":"rtrim(): Passing null to parameter #1 ($string) of type string is deprecated","File":"D:\\Projects\\Alawaresort\\wp-includes\\formatting.php","Line":2837}

Apr 24 2026 07:49:01
{"Number":8192,"Message":"rtrim(): Passing null to parameter #1 ($string) of type string is deprecated","File":"D:\\Projects\\Alawaresort\\wp-includes\\formatting.php","Line":2837}

Apr 24 2026 07:49:01
{"Number":8192,"Message":"rtrim(): Passing null to parameter #1 ($string) of type string is deprecated","File":"D:\\Projects\\Alawaresort\\wp-includes\\formatting.php","Line":2837}

Apr 24 2026 07:49:01
{"Number":8192,"Message":"Creation of dynamic property Ai1wm_Database_Mysqli::$old_replace_raw_values is deprecated","File":"D:\\Projects\\Alawaresort\\wp-content\\plugins\\all-in-one-wp-migration-master\\lib\\vendor\\servmask\\database\\class-ai1wm-database.php","Line":300}

Apr 24 2026 07:49:01
{"Number":8192,"Message":"Creation of dynamic property Ai1wm_Database_Mysqli::$new_replace_raw_values is deprecated","File":"D:\\Projects\\Alawaresort\\wp-content\\plugins\\all-in-one-wp-migration-master\\lib\\vendor\\servmask\\database\\class-ai1wm-database.php","Line":321}

Apr 24 2026 07:49:03
{"type":8192,"message":"Return type of Ai1wm_Recursive_Newline_Filter::accept() should either be compatible with FilterIterator::accept(): bool, or the #[\\ReturnTypeWillChange] attribute should be used to temporarily suppress the notice","file":"D:\\Projects\\Alawaresort\\wp-content\\plugins\\all-in-one-wp-migration-master\\lib\\vendor\\servmask\\filter\\class-ai1wm-recursive-newline-filter.php","line":28}

Apr 24 2026 07:49:03
{"type":8192,"message":"Return type of Ai1wm_Recursive_Newline_Filter::accept() should either be compatible with FilterIterator::accept(): bool, or the #[\\ReturnTypeWillChange] attribute should be used to temporarily suppress the notice","file":"D:\\Projects\\Alawaresort\\wp-content\\plugins\\all-in-one-wp-migration-master\\lib\\vendor\\servmask\\filter\\class-ai1wm-recursive-newline-filter.php","line":28}

Apr 24 2026 07:50:55
{"type":8192,"message":"Return type of Ai1wm_Recursive_Newline_Filter::accept() should either be compatible with FilterIterator::accept(): bool, or the #[\\ReturnTypeWillChange] attribute should be used to temporarily suppress the notice","file":"D:\\Projects\\Alawaresort\\wp-content\\plugins\\all-in-one-wp-migration-master\\lib\\vendor\\servmask\\filter\\class-ai1wm-recursive-newline-filter.php","line":28}

Apr 25 2026 19:22:00
{"Number":8192,"Message":"explode(): Passing null to parameter #2 ($string) of type string is deprecated","File":"D:\\Projects\\Alawaresort\\wp-content\\plugins\\all-in-one-wp-migration-master\\functions.php","Line":338}

Apr 25 2026 19:22:02
{"type":8192,"message":"Return type of Ai1wm_Recursive_Newline_Filter::accept() should either be compatible with FilterIterator::accept(): bool, or the #[\\ReturnTypeWillChange] attribute should be used to temporarily suppress the notice","file":"D:\\Projects\\Alawaresort\\wp-content\\plugins\\all-in-one-wp-migration-master\\lib\\vendor\\servmask\\filter\\class-ai1wm-recursive-newline-filter.php","line":28}

Apr 25 2026 19:22:03
{"type":8192,"message":"Return type of Ai1wm_Recursive_Newline_Filter::accept() should either be compatible with FilterIterator::accept(): bool, or the #[\\ReturnTypeWillChange] attribute should be used to temporarily suppress the notice","file":"D:\\Projects\\Alawaresort\\wp-content\\plugins\\all-in-one-wp-migration-master\\lib\\vendor\\servmask\\filter\\class-ai1wm-recursive-newline-filter.php","line":28}

Apr 25 2026 19:22:04
{"type":8192,"message":"Return type of Ai1wm_Recursive_Newline_Filter::accept() should either be compatible with FilterIterator::accept(): bool, or the #[\\ReturnTypeWillChange] attribute should be used to temporarily suppress the notice","file":"D:\\Projects\\Alawaresort\\wp-content\\plugins\\all-in-one-wp-migration-master\\lib\\vendor\\servmask\\filter\\class-ai1wm-recursive-newline-filter.php","line":28}

Apr 25 2026 19:22:04
{"type":8192,"message":"Return type of Ai1wm_Recursive_Newline_Filter::accept() should either be compatible with FilterIterator::accept(): bool, or the #[\\ReturnTypeWillChange] attribute should be used to temporarily suppress the notice","file":"D:\\Projects\\Alawaresort\\wp-content\\plugins\\all-in-one-wp-migration-master\\lib\\vendor\\servmask\\filter\\class-ai1wm-recursive-newline-filter.php","line":28}

Apr 25 2026 19:22:10
{"type":8192,"message":"Return type of Ai1wm_Recursive_Newline_Filter::accept() should either be compatible with FilterIterator::accept(): bool, or the #[\\ReturnTypeWillChange] attribute should be used to temporarily suppress the notice","file":"D:\\Projects\\Alawaresort\\wp-content\\plugins\\all-in-one-wp-migration-master\\lib\\vendor\\servmask\\filter\\class-ai1wm-recursive-newline-filter.php","line":28}

Apr 25 2026 19:22:20
{"type":8192,"message":"Return type of Ai1wm_Recursive_Newline_Filter::accept() should either be compatible with FilterIterator::accept(): bool, or the #[\\ReturnTypeWillChange] attribute should be used to temporarily suppress the notice","file":"D:\\Projects\\Alawaresort\\wp-content\\plugins\\all-in-one-wp-migration-master\\lib\\vendor\\servmask\\filter\\class-ai1wm-recursive-newline-filter.php","line":28}

Apr 25 2026 19:22:31
{"type":8192,"message":"Return type of Ai1wm_Recursive_Newline_Filter::accept() should either be compatible with FilterIterator::accept(): bool, or the #[\\ReturnTypeWillChange] attribute should be used to temporarily suppress the notice","file":"D:\\Projects\\Alawaresort\\wp-content\\plugins\\all-in-one-wp-migration-master\\lib\\vendor\\servmask\\filter\\class-ai1wm-recursive-newline-filter.php","line":28}

Apr 25 2026 19:22:43
{"type":8192,"message":"Return type of Ai1wm_Recursive_Newline_Filter::accept() should either be compatible with FilterIterator::accept(): bool, or the #[\\ReturnTypeWillChange] attribute should be used to temporarily suppress the notice","file":"D:\\Projects\\Alawaresort\\wp-content\\plugins\\all-in-one-wp-migration-master\\lib\\vendor\\servmask\\filter\\class-ai1wm-recursive-newline-filter.php","line":28}

Apr 25 2026 19:22:54
{"type":8192,"message":"Return type of Ai1wm_Recursive_Newline_Filter::accept() should either be compatible with FilterIterator::accept(): bool, or the #[\\ReturnTypeWillChange] attribute should be used to temporarily suppress the notice","file":"D:\\Projects\\Alawaresort\\wp-content\\plugins\\all-in-one-wp-migration-master\\lib\\vendor\\servmask\\filter\\class-ai1wm-recursive-newline-filter.php","line":28}

Apr 25 2026 19:23:05
{"type":8192,"message":"Return type of Ai1wm_Recursive_Newline_Filter::accept() should either be compatible with FilterIterator::accept(): bool, or the #[\\ReturnTypeWillChange] attribute should be used to temporarily suppress the notice","file":"D:\\Projects\\Alawaresort\\wp-content\\plugins\\all-in-one-wp-migration-master\\lib\\vendor\\servmask\\filter\\class-ai1wm-recursive-newline-filter.php","line":28}

Apr 25 2026 19:23:15
{"type":8192,"message":"Return type of Ai1wm_Recursive_Newline_Filter::accept() should either be compatible with FilterIterator::accept(): bool, or the #[\\ReturnTypeWillChange] attribute should be used to temporarily suppress the notice","file":"D:\\Projects\\Alawaresort\\wp-content\\plugins\\all-in-one-wp-migration-master\\lib\\vendor\\servmask\\filter\\class-ai1wm-recursive-newline-filter.php","line":28}

Apr 25 2026 19:23:26
{"type":8192,"message":"Return type of Ai1wm_Recursive_Newline_Filter::accept() should either be compatible with FilterIterator::accept(): bool, or the #[\\ReturnTypeWillChange] attribute should be used to temporarily suppress the notice","file":"D:\\Projects\\Alawaresort\\wp-content\\plugins\\all-in-one-wp-migration-master\\lib\\vendor\\servmask\\filter\\class-ai1wm-recursive-newline-filter.php","line":28}

Apr 25 2026 19:23:37
{"type":8192,"message":"Return type of Ai1wm_Recursive_Newline_Filter::accept() should either be compatible with FilterIterator::accept(): bool, or the #[\\ReturnTypeWillChange] attribute should be used to temporarily suppress the notice","file":"D:\\Projects\\Alawaresort\\wp-content\\plugins\\all-in-one-wp-migration-master\\lib\\vendor\\servmask\\filter\\class-ai1wm-recursive-newline-filter.php","line":28}

Apr 25 2026 19:23:48
{"type":8192,"message":"Return type of Ai1wm_Recursive_Newline_Filter::accept() should either be compatible with FilterIterator::accept(): bool, or the #[\\ReturnTypeWillChange] attribute should be used to temporarily suppress the notice","file":"D:\\Projects\\Alawaresort\\wp-content\\plugins\\all-in-one-wp-migration-master\\lib\\vendor\\servmask\\filter\\class-ai1wm-recursive-newline-filter.php","line":28}

Apr 25 2026 19:23:59
{"type":8192,"message":"Return type of Ai1wm_Recursive_Newline_Filter::accept() should either be compatible with FilterIterator::accept(): bool, or the #[\\ReturnTypeWillChange] attribute should be used to temporarily suppress the notice","file":"D:\\Projects\\Alawaresort\\wp-content\\plugins\\all-in-one-wp-migration-master\\lib\\vendor\\servmask\\filter\\class-ai1wm-recursive-newline-filter.php","line":28}

Apr 25 2026 19:24:09
{"type":8192,"message":"Return type of Ai1wm_Recursive_Newline_Filter::accept() should either be compatible with FilterIterator::accept(): bool, or the #[\\ReturnTypeWillChange] attribute should be used to temporarily suppress the notice","file":"D:\\Projects\\Alawaresort\\wp-content\\plugins\\all-in-one-wp-migration-master\\lib\\vendor\\servmask\\filter\\class-ai1wm-recursive-newline-filter.php","line":28}

Apr 25 2026 19:24:20
{"type":8192,"message":"Return type of Ai1wm_Recursive_Newline_Filter::accept() should either be compatible with FilterIterator::accept(): bool, or the #[\\ReturnTypeWillChange] attribute should be used to temporarily suppress the notice","file":"D:\\Projects\\Alawaresort\\wp-content\\plugins\\all-in-one-wp-migration-master\\lib\\vendor\\servmask\\filter\\class-ai1wm-recursive-newline-filter.php","line":28}

Apr 25 2026 19:24:31
{"type":8192,"message":"Return type of Ai1wm_Recursive_Newline_Filter::accept() should either be compatible with FilterIterator::accept(): bool, or the #[\\ReturnTypeWillChange] attribute should be used to temporarily suppress the notice","file":"D:\\Projects\\Alawaresort\\wp-content\\plugins\\all-in-one-wp-migration-master\\lib\\vendor\\servmask\\filter\\class-ai1wm-recursive-newline-filter.php","line":28}

Apr 25 2026 19:24:41
{"type":8192,"message":"Return type of Ai1wm_Recursive_Newline_Filter::accept() should either be compatible with FilterIterator::accept(): bool, or the #[\\ReturnTypeWillChange] attribute should be used to temporarily suppress the notice","file":"D:\\Projects\\Alawaresort\\wp-content\\plugins\\all-in-one-wp-migration-master\\lib\\vendor\\servmask\\filter\\class-ai1wm-recursive-newline-filter.php","line":28}

Apr 25 2026 19:24:53
{"type":8192,"message":"Return type of Ai1wm_Recursive_Newline_Filter::accept() should either be compatible with FilterIterator::accept(): bool, or the #[\\ReturnTypeWillChange] attribute should be used to temporarily suppress the notice","file":"D:\\Projects\\Alawaresort\\wp-content\\plugins\\all-in-one-wp-migration-master\\lib\\vendor\\servmask\\filter\\class-ai1wm-recursive-newline-filter.php","line":28}

Apr 25 2026 19:25:04
{"type":8192,"message":"Return type of Ai1wm_Recursive_Newline_Filter::accept() should either be compatible with FilterIterator::accept(): bool, or the #[\\ReturnTypeWillChange] attribute should be used to temporarily suppress the notice","file":"D:\\Projects\\Alawaresort\\wp-content\\plugins\\all-in-one-wp-migration-master\\lib\\vendor\\servmask\\filter\\class-ai1wm-recursive-newline-filter.php","line":28}

Apr 25 2026 19:25:15
{"type":8192,"message":"Return type of Ai1wm_Recursive_Newline_Filter::accept() should either be compatible with FilterIterator::accept(): bool, or the #[\\ReturnTypeWillChange] attribute should be used to temporarily suppress the notice","file":"D:\\Projects\\Alawaresort\\wp-content\\plugins\\all-in-one-wp-migration-master\\lib\\vendor\\servmask\\filter\\class-ai1wm-recursive-newline-filter.php","line":28}

Apr 25 2026 19:25:25
{"type":8192,"message":"Return type of Ai1wm_Recursive_Newline_Filter::accept() should either be compatible with FilterIterator::accept(): bool, or the #[\\ReturnTypeWillChange] attribute should be used to temporarily suppress the notice","file":"D:\\Projects\\Alawaresort\\wp-content\\plugins\\all-in-one-wp-migration-master\\lib\\vendor\\servmask\\filter\\class-ai1wm-recursive-newline-filter.php","line":28}

Apr 25 2026 19:25:36
{"type":8192,"message":"Return type of Ai1wm_Recursive_Newline_Filter::accept() should either be compatible with FilterIterator::accept(): bool, or the #[\\ReturnTypeWillChange] attribute should be used to temporarily suppress the notice","file":"D:\\Projects\\Alawaresort\\wp-content\\plugins\\all-in-one-wp-migration-master\\lib\\vendor\\servmask\\filter\\class-ai1wm-recursive-newline-filter.php","line":28}

Apr 25 2026 19:25:47
{"type":8192,"message":"Return type of Ai1wm_Recursive_Newline_Filter::accept() should either be compatible with FilterIterator::accept(): bool, or the #[\\ReturnTypeWillChange] attribute should be used to temporarily suppress the notice","file":"D:\\Projects\\Alawaresort\\wp-content\\plugins\\all-in-one-wp-migration-master\\lib\\vendor\\servmask\\filter\\class-ai1wm-recursive-newline-filter.php","line":28}

Apr 25 2026 19:25:58
{"type":8192,"message":"Return type of Ai1wm_Recursive_Newline_Filter::accept() should either be compatible with FilterIterator::accept(): bool, or the #[\\ReturnTypeWillChange] attribute should be used to temporarily suppress the notice","file":"D:\\Projects\\Alawaresort\\wp-content\\plugins\\all-in-one-wp-migration-master\\lib\\vendor\\servmask\\filter\\class-ai1wm-recursive-newline-filter.php","line":28}

Apr 25 2026 19:26:09
{"type":8192,"message":"Return type of Ai1wm_Recursive_Newline_Filter::accept() should either be compatible with FilterIterator::accept(): bool, or the #[\\ReturnTypeWillChange] attribute should be used to temporarily suppress the notice","file":"D:\\Projects\\Alawaresort\\wp-content\\plugins\\all-in-one-wp-migration-master\\lib\\vendor\\servmask\\filter\\class-ai1wm-recursive-newline-filter.php","line":28}

Apr 25 2026 19:26:20
{"type":8192,"message":"Return type of Ai1wm_Recursive_Newline_Filter::accept() should either be compatible with FilterIterator::accept(): bool, or the #[\\ReturnTypeWillChange] attribute should be used to temporarily suppress the notice","file":"D:\\Projects\\Alawaresort\\wp-content\\plugins\\all-in-one-wp-migration-master\\lib\\vendor\\servmask\\filter\\class-ai1wm-recursive-newline-filter.php","line":28}

Apr 25 2026 19:26:30
{"type":8192,"message":"Return type of Ai1wm_Recursive_Newline_Filter::accept() should either be compatible with FilterIterator::accept(): bool, or the #[\\ReturnTypeWillChange] attribute should be used to temporarily suppress the notice","file":"D:\\Projects\\Alawaresort\\wp-content\\plugins\\all-in-one-wp-migration-master\\lib\\vendor\\servmask\\filter\\class-ai1wm-recursive-newline-filter.php","line":28}

Apr 25 2026 19:26:41
{"type":8192,"message":"Return type of Ai1wm_Recursive_Newline_Filter::accept() should either be compatible with FilterIterator::accept(): bool, or the #[\\ReturnTypeWillChange] attribute should be used to temporarily suppress the notice","file":"D:\\Projects\\Alawaresort\\wp-content\\plugins\\all-in-one-wp-migration-master\\lib\\vendor\\servmask\\filter\\class-ai1wm-recursive-newline-filter.php","line":28}

Apr 25 2026 19:26:52
{"type":8192,"message":"Return type of Ai1wm_Recursive_Newline_Filter::accept() should either be compatible with FilterIterator::accept(): bool, or the #[\\ReturnTypeWillChange] attribute should be used to temporarily suppress the notice","file":"D:\\Projects\\Alawaresort\\wp-content\\plugins\\all-in-one-wp-migration-master\\lib\\vendor\\servmask\\filter\\class-ai1wm-recursive-newline-filter.php","line":28}

Apr 25 2026 19:27:03
{"type":8192,"message":"Return type of Ai1wm_Recursive_Newline_Filter::accept() should either be compatible with FilterIterator::accept(): bool, or the #[\\ReturnTypeWillChange] attribute should be used to temporarily suppress the notice","file":"D:\\Projects\\Alawaresort\\wp-content\\plugins\\all-in-one-wp-migration-master\\lib\\vendor\\servmask\\filter\\class-ai1wm-recursive-newline-filter.php","line":28}

Apr 25 2026 19:27:14
{"type":8192,"message":"Return type of Ai1wm_Recursive_Newline_Filter::accept() should either be compatible with FilterIterator::accept(): bool, or the #[\\ReturnTypeWillChange] attribute should be used to temporarily suppress the notice","file":"D:\\Projects\\Alawaresort\\wp-content\\plugins\\all-in-one-wp-migration-master\\lib\\vendor\\servmask\\filter\\class-ai1wm-recursive-newline-filter.php","line":28}

Apr 25 2026 19:27:25
{"type":8192,"message":"Return type of Ai1wm_Recursive_Newline_Filter::accept() should either be compatible with FilterIterator::accept(): bool, or the #[\\ReturnTypeWillChange] attribute should be used to temporarily suppress the notice","file":"D:\\Projects\\Alawaresort\\wp-content\\plugins\\all-in-one-wp-migration-master\\lib\\vendor\\servmask\\filter\\class-ai1wm-recursive-newline-filter.php","line":28}

Apr 25 2026 19:27:36
{"type":8192,"message":"Return type of Ai1wm_Recursive_Newline_Filter::accept() should either be compatible with FilterIterator::accept(): bool, or the #[\\ReturnTypeWillChange] attribute should be used to temporarily suppress the notice","file":"D:\\Projects\\Alawaresort\\wp-content\\plugins\\all-in-one-wp-migration-master\\lib\\vendor\\servmask\\filter\\class-ai1wm-recursive-newline-filter.php","line":28}

Apr 25 2026 19:27:47
{"type":8192,"message":"Return type of Ai1wm_Recursive_Newline_Filter::accept() should either be compatible with FilterIterator::accept(): bool, or the #[\\ReturnTypeWillChange] attribute should be used to temporarily suppress the notice","file":"D:\\Projects\\Alawaresort\\wp-content\\plugins\\all-in-one-wp-migration-master\\lib\\vendor\\servmask\\filter\\class-ai1wm-recursive-newline-filter.php","line":28}

Apr 25 2026 19:27:58
{"type":8192,"message":"Return type of Ai1wm_Recursive_Newline_Filter::accept() should either be compatible with FilterIterator::accept(): bool, or the #[\\ReturnTypeWillChange] attribute should be used to temporarily suppress the notice","file":"D:\\Projects\\Alawaresort\\wp-content\\plugins\\all-in-one-wp-migration-master\\lib\\vendor\\servmask\\filter\\class-ai1wm-recursive-newline-filter.php","line":28}

Apr 25 2026 19:28:08
{"type":8192,"message":"Return type of Ai1wm_Recursive_Newline_Filter::accept() should either be compatible with FilterIterator::accept(): bool, or the #[\\ReturnTypeWillChange] attribute should be used to temporarily suppress the notice","file":"D:\\Projects\\Alawaresort\\wp-content\\plugins\\all-in-one-wp-migration-master\\lib\\vendor\\servmask\\filter\\class-ai1wm-recursive-newline-filter.php","line":28}

Apr 25 2026 19:28:19
{"type":8192,"message":"Return type of Ai1wm_Recursive_Newline_Filter::accept() should either be compatible with FilterIterator::accept(): bool, or the #[\\ReturnTypeWillChange] attribute should be used to temporarily suppress the notice","file":"D:\\Projects\\Alawaresort\\wp-content\\plugins\\all-in-one-wp-migration-master\\lib\\vendor\\servmask\\filter\\class-ai1wm-recursive-newline-filter.php","line":28}

Apr 25 2026 19:28:30
{"type":8192,"message":"Return type of Ai1wm_Recursive_Newline_Filter::accept() should either be compatible with FilterIterator::accept(): bool, or the #[\\ReturnTypeWillChange] attribute should be used to temporarily suppress the notice","file":"D:\\Projects\\Alawaresort\\wp-content\\plugins\\all-in-one-wp-migration-master\\lib\\vendor\\servmask\\filter\\class-ai1wm-recursive-newline-filter.php","line":28}

Apr 25 2026 19:28:40
{"type":8192,"message":"Return type of Ai1wm_Recursive_Newline_Filter::accept() should either be compatible with FilterIterator::accept(): bool, or the #[\\ReturnTypeWillChange] attribute should be used to temporarily suppress the notice","file":"D:\\Projects\\Alawaresort\\wp-content\\plugins\\all-in-one-wp-migration-master\\lib\\vendor\\servmask\\filter\\class-ai1wm-recursive-newline-filter.php","line":28}

Apr 25 2026 19:28:52
{"type":8192,"message":"Return type of Ai1wm_Recursive_Newline_Filter::accept() should either be compatible with FilterIterator::accept(): bool, or the #[\\ReturnTypeWillChange] attribute should be used to temporarily suppress the notice","file":"D:\\Projects\\Alawaresort\\wp-content\\plugins\\all-in-one-wp-migration-master\\lib\\vendor\\servmask\\filter\\class-ai1wm-recursive-newline-filter.php","line":28}

Apr 25 2026 19:29:03
{"type":8192,"message":"Return type of Ai1wm_Recursive_Newline_Filter::accept() should either be compatible with FilterIterator::accept(): bool, or the #[\\ReturnTypeWillChange] attribute should be used to temporarily suppress the notice","file":"D:\\Projects\\Alawaresort\\wp-content\\plugins\\all-in-one-wp-migration-master\\lib\\vendor\\servmask\\filter\\class-ai1wm-recursive-newline-filter.php","line":28}

Apr 25 2026 19:29:14
{"type":8192,"message":"Return type of Ai1wm_Recursive_Newline_Filter::accept() should either be compatible with FilterIterator::accept(): bool, or the #[\\ReturnTypeWillChange] attribute should be used to temporarily suppress the notice","file":"D:\\Projects\\Alawaresort\\wp-content\\plugins\\all-in-one-wp-migration-master\\lib\\vendor\\servmask\\filter\\class-ai1wm-recursive-newline-filter.php","line":28}

Apr 25 2026 19:29:25
{"type":8192,"message":"Return type of Ai1wm_Recursive_Newline_Filter::accept() should either be compatible with FilterIterator::accept(): bool, or the #[\\ReturnTypeWillChange] attribute should be used to temporarily suppress the notice","file":"D:\\Projects\\Alawaresort\\wp-content\\plugins\\all-in-one-wp-migration-master\\lib\\vendor\\servmask\\filter\\class-ai1wm-recursive-newline-filter.php","line":28}

Apr 25 2026 19:29:36
{"type":8192,"message":"Return type of Ai1wm_Recursive_Newline_Filter::accept() should either be compatible with FilterIterator::accept(): bool, or the #[\\ReturnTypeWillChange] attribute should be used to temporarily suppress the notice","file":"D:\\Projects\\Alawaresort\\wp-content\\plugins\\all-in-one-wp-migration-master\\lib\\vendor\\servmask\\filter\\class-ai1wm-recursive-newline-filter.php","line":28}

Apr 25 2026 19:29:46
{"type":8192,"message":"Return type of Ai1wm_Recursive_Newline_Filter::accept() should either be compatible with FilterIterator::accept(): bool, or the #[\\ReturnTypeWillChange] attribute should be used to temporarily suppress the notice","file":"D:\\Projects\\Alawaresort\\wp-content\\plugins\\all-in-one-wp-migration-master\\lib\\vendor\\servmask\\filter\\class-ai1wm-recursive-newline-filter.php","line":28}

Apr 25 2026 19:29:57
{"type":8192,"message":"Return type of Ai1wm_Recursive_Newline_Filter::accept() should either be compatible with FilterIterator::accept(): bool, or the #[\\ReturnTypeWillChange] attribute should be used to temporarily suppress the notice","file":"D:\\Projects\\Alawaresort\\wp-content\\plugins\\all-in-one-wp-migration-master\\lib\\vendor\\servmask\\filter\\class-ai1wm-recursive-newline-filter.php","line":28}

Apr 25 2026 19:30:08
{"type":8192,"message":"Return type of Ai1wm_Recursive_Newline_Filter::accept() should either be compatible with FilterIterator::accept(): bool, or the #[\\ReturnTypeWillChange] attribute should be used to temporarily suppress the notice","file":"D:\\Projects\\Alawaresort\\wp-content\\plugins\\all-in-one-wp-migration-master\\lib\\vendor\\servmask\\filter\\class-ai1wm-recursive-newline-filter.php","line":28}

Apr 25 2026 19:30:19
{"type":8192,"message":"Return type of Ai1wm_Recursive_Newline_Filter::accept() should either be compatible with FilterIterator::accept(): bool, or the #[\\ReturnTypeWillChange] attribute should be used to temporarily suppress the notice","file":"D:\\Projects\\Alawaresort\\wp-content\\plugins\\all-in-one-wp-migration-master\\lib\\vendor\\servmask\\filter\\class-ai1wm-recursive-newline-filter.php","line":28}

Apr 25 2026 19:30:30
{"type":8192,"message":"Return type of Ai1wm_Recursive_Newline_Filter::accept() should either be compatible with FilterIterator::accept(): bool, or the #[\\ReturnTypeWillChange] attribute should be used to temporarily suppress the notice","file":"D:\\Projects\\Alawaresort\\wp-content\\plugins\\all-in-one-wp-migration-master\\lib\\vendor\\servmask\\filter\\class-ai1wm-recursive-newline-filter.php","line":28}

Apr 25 2026 19:30:41
{"type":8192,"message":"Return type of Ai1wm_Recursive_Newline_Filter::accept() should either be compatible with FilterIterator::accept(): bool, or the #[\\ReturnTypeWillChange] attribute should be used to temporarily suppress the notice","file":"D:\\Projects\\Alawaresort\\wp-content\\plugins\\all-in-one-wp-migration-master\\lib\\vendor\\servmask\\filter\\class-ai1wm-recursive-newline-filter.php","line":28}

Apr 25 2026 19:30:52
{"type":8192,"message":"Return type of Ai1wm_Recursive_Newline_Filter::accept() should either be compatible with FilterIterator::accept(): bool, or the #[\\ReturnTypeWillChange] attribute should be used to temporarily suppress the notice","file":"D:\\Projects\\Alawaresort\\wp-content\\plugins\\all-in-one-wp-migration-master\\lib\\vendor\\servmask\\filter\\class-ai1wm-recursive-newline-filter.php","line":28}

Apr 25 2026 19:31:02
{"type":8192,"message":"Return type of Ai1wm_Recursive_Newline_Filter::accept() should either be compatible with FilterIterator::accept(): bool, or the #[\\ReturnTypeWillChange] attribute should be used to temporarily suppress the notice","file":"D:\\Projects\\Alawaresort\\wp-content\\plugins\\all-in-one-wp-migration-master\\lib\\vendor\\servmask\\filter\\class-ai1wm-recursive-newline-filter.php","line":28}

Apr 25 2026 19:31:13
{"type":8192,"message":"Return type of Ai1wm_Recursive_Newline_Filter::accept() should either be compatible with FilterIterator::accept(): bool, or the #[\\ReturnTypeWillChange] attribute should be used to temporarily suppress the notice","file":"D:\\Projects\\Alawaresort\\wp-content\\plugins\\all-in-one-wp-migration-master\\lib\\vendor\\servmask\\filter\\class-ai1wm-recursive-newline-filter.php","line":28}

Apr 25 2026 19:31:24
{"type":8192,"message":"Return type of Ai1wm_Recursive_Newline_Filter::accept() should either be compatible with FilterIterator::accept(): bool, or the #[\\ReturnTypeWillChange] attribute should be used to temporarily suppress the notice","file":"D:\\Projects\\Alawaresort\\wp-content\\plugins\\all-in-one-wp-migration-master\\lib\\vendor\\servmask\\filter\\class-ai1wm-recursive-newline-filter.php","line":28}

Apr 25 2026 19:31:35
{"type":8192,"message":"Return type of Ai1wm_Recursive_Newline_Filter::accept() should either be compatible with FilterIterator::accept(): bool, or the #[\\ReturnTypeWillChange] attribute should be used to temporarily suppress the notice","file":"D:\\Projects\\Alawaresort\\wp-content\\plugins\\all-in-one-wp-migration-master\\lib\\vendor\\servmask\\filter\\class-ai1wm-recursive-newline-filter.php","line":28}

Apr 25 2026 19:31:46
{"type":8192,"message":"Return type of Ai1wm_Recursive_Newline_Filter::accept() should either be compatible with FilterIterator::accept(): bool, or the #[\\ReturnTypeWillChange] attribute should be used to temporarily suppress the notice","file":"D:\\Projects\\Alawaresort\\wp-content\\plugins\\all-in-one-wp-migration-master\\lib\\vendor\\servmask\\filter\\class-ai1wm-recursive-newline-filter.php","line":28}

Apr 25 2026 19:31:57
{"type":8192,"message":"Return type of Ai1wm_Recursive_Newline_Filter::accept() should either be compatible with FilterIterator::accept(): bool, or the #[\\ReturnTypeWillChange] attribute should be used to temporarily suppress the notice","file":"D:\\Projects\\Alawaresort\\wp-content\\plugins\\all-in-one-wp-migration-master\\lib\\vendor\\servmask\\filter\\class-ai1wm-recursive-newline-filter.php","line":28}

Apr 25 2026 19:32:08
{"type":8192,"message":"Return type of Ai1wm_Recursive_Newline_Filter::accept() should either be compatible with FilterIterator::accept(): bool, or the #[\\ReturnTypeWillChange] attribute should be used to temporarily suppress the notice","file":"D:\\Projects\\Alawaresort\\wp-content\\plugins\\all-in-one-wp-migration-master\\lib\\vendor\\servmask\\filter\\class-ai1wm-recursive-newline-filter.php","line":28}

Apr 25 2026 19:32:20
{"type":8192,"message":"Return type of Ai1wm_Recursive_Newline_Filter::accept() should either be compatible with FilterIterator::accept(): bool, or the #[\\ReturnTypeWillChange] attribute should be used to temporarily suppress the notice","file":"D:\\Projects\\Alawaresort\\wp-content\\plugins\\all-in-one-wp-migration-master\\lib\\vendor\\servmask\\filter\\class-ai1wm-recursive-newline-filter.php","line":28}

Apr 25 2026 19:32:30
{"type":8192,"message":"Return type of Ai1wm_Recursive_Newline_Filter::accept() should either be compatible with FilterIterator::accept(): bool, or the #[\\ReturnTypeWillChange] attribute should be used to temporarily suppress the notice","file":"D:\\Projects\\Alawaresort\\wp-content\\plugins\\all-in-one-wp-migration-master\\lib\\vendor\\servmask\\filter\\class-ai1wm-recursive-newline-filter.php","line":28}

Apr 25 2026 19:32:41
{"type":8192,"message":"Return type of Ai1wm_Recursive_Newline_Filter::accept() should either be compatible with FilterIterator::accept(): bool, or the #[\\ReturnTypeWillChange] attribute should be used to temporarily suppress the notice","file":"D:\\Projects\\Alawaresort\\wp-content\\plugins\\all-in-one-wp-migration-master\\lib\\vendor\\servmask\\filter\\class-ai1wm-recursive-newline-filter.php","line":28}

Apr 25 2026 19:32:52
{"type":8192,"message":"Return type of Ai1wm_Recursive_Newline_Filter::accept() should either be compatible with FilterIterator::accept(): bool, or the #[\\ReturnTypeWillChange] attribute should be used to temporarily suppress the notice","file":"D:\\Projects\\Alawaresort\\wp-content\\plugins\\all-in-one-wp-migration-master\\lib\\vendor\\servmask\\filter\\class-ai1wm-recursive-newline-filter.php","line":28}

Apr 25 2026 19:33:02
{"type":8192,"message":"Return type of Ai1wm_Recursive_Newline_Filter::accept() should either be compatible with FilterIterator::accept(): bool, or the #[\\ReturnTypeWillChange] attribute should be used to temporarily suppress the notice","file":"D:\\Projects\\Alawaresort\\wp-content\\plugins\\all-in-one-wp-migration-master\\lib\\vendor\\servmask\\filter\\class-ai1wm-recursive-newline-filter.php","line":28}

Apr 25 2026 19:33:14
{"type":8192,"message":"Return type of Ai1wm_Recursive_Newline_Filter::accept() should either be compatible with FilterIterator::accept(): bool, or the #[\\ReturnTypeWillChange] attribute should be used to temporarily suppress the notice","file":"D:\\Projects\\Alawaresort\\wp-content\\plugins\\all-in-one-wp-migration-master\\lib\\vendor\\servmask\\filter\\class-ai1wm-recursive-newline-filter.php","line":28}

Apr 25 2026 19:33:24
{"type":8192,"message":"Return type of Ai1wm_Recursive_Newline_Filter::accept() should either be compatible with FilterIterator::accept(): bool, or the #[\\ReturnTypeWillChange] attribute should be used to temporarily suppress the notice","file":"D:\\Projects\\Alawaresort\\wp-content\\plugins\\all-in-one-wp-migration-master\\lib\\vendor\\servmask\\filter\\class-ai1wm-recursive-newline-filter.php","line":28}

Apr 25 2026 19:33:35
{"type":8192,"message":"Return type of Ai1wm_Recursive_Newline_Filter::accept() should either be compatible with FilterIterator::accept(): bool, or the #[\\ReturnTypeWillChange] attribute should be used to temporarily suppress the notice","file":"D:\\Projects\\Alawaresort\\wp-content\\plugins\\all-in-one-wp-migration-master\\lib\\vendor\\servmask\\filter\\class-ai1wm-recursive-newline-filter.php","line":28}

Apr 25 2026 19:33:46
{"type":8192,"message":"Return type of Ai1wm_Recursive_Newline_Filter::accept() should either be compatible with FilterIterator::accept(): bool, or the #[\\ReturnTypeWillChange] attribute should be used to temporarily suppress the notice","file":"D:\\Projects\\Alawaresort\\wp-content\\plugins\\all-in-one-wp-migration-master\\lib\\vendor\\servmask\\filter\\class-ai1wm-recursive-newline-filter.php","line":28}

Apr 25 2026 19:33:57
{"type":8192,"message":"Return type of Ai1wm_Recursive_Newline_Filter::accept() should either be compatible with FilterIterator::accept(): bool, or the #[\\ReturnTypeWillChange] attribute should be used to temporarily suppress the notice","file":"D:\\Projects\\Alawaresort\\wp-content\\plugins\\all-in-one-wp-migration-master\\lib\\vendor\\servmask\\filter\\class-ai1wm-recursive-newline-filter.php","line":28}

Apr 25 2026 19:34:08
{"type":8192,"message":"Return type of Ai1wm_Recursive_Newline_Filter::accept() should either be compatible with FilterIterator::accept(): bool, or the #[\\ReturnTypeWillChange] attribute should be used to temporarily suppress the notice","file":"D:\\Projects\\Alawaresort\\wp-content\\plugins\\all-in-one-wp-migration-master\\lib\\vendor\\servmask\\filter\\class-ai1wm-recursive-newline-filter.php","line":28}

Apr 25 2026 19:34:18
{"type":8192,"message":"Return type of Ai1wm_Recursive_Newline_Filter::accept() should either be compatible with FilterIterator::accept(): bool, or the #[\\ReturnTypeWillChange] attribute should be used to temporarily suppress the notice","file":"D:\\Projects\\Alawaresort\\wp-content\\plugins\\all-in-one-wp-migration-master\\lib\\vendor\\servmask\\filter\\class-ai1wm-recursive-newline-filter.php","line":28}

Apr 25 2026 19:34:29
{"type":8192,"message":"Return type of Ai1wm_Recursive_Newline_Filter::accept() should either be compatible with FilterIterator::accept(): bool, or the #[\\ReturnTypeWillChange] attribute should be used to temporarily suppress the notice","file":"D:\\Projects\\Alawaresort\\wp-content\\plugins\\all-in-one-wp-migration-master\\lib\\vendor\\servmask\\filter\\class-ai1wm-recursive-newline-filter.php","line":28}

Apr 25 2026 19:34:56
{"type":8192,"message":"Return type of Ai1wm_Recursive_Newline_Filter::accept() should either be compatible with FilterIterator::accept(): bool, or the #[\\ReturnTypeWillChange] attribute should be used to temporarily suppress the notice","file":"D:\\Projects\\Alawaresort\\wp-content\\plugins\\all-in-one-wp-migration-master\\lib\\vendor\\servmask\\filter\\class-ai1wm-recursive-newline-filter.php","line":28}

Apr 25 2026 19:35:07
{"type":8192,"message":"Return type of Ai1wm_Recursive_Newline_Filter::accept() should either be compatible with FilterIterator::accept(): bool, or the #[\\ReturnTypeWillChange] attribute should be used to temporarily suppress the notice","file":"D:\\Projects\\Alawaresort\\wp-content\\plugins\\all-in-one-wp-migration-master\\lib\\vendor\\servmask\\filter\\class-ai1wm-recursive-newline-filter.php","line":28}

Apr 25 2026 19:35:18
{"type":8192,"message":"Return type of Ai1wm_Recursive_Newline_Filter::accept() should either be compatible with FilterIterator::accept(): bool, or the #[\\ReturnTypeWillChange] attribute should be used to temporarily suppress the notice","file":"D:\\Projects\\Alawaresort\\wp-content\\plugins\\all-in-one-wp-migration-master\\lib\\vendor\\servmask\\filter\\class-ai1wm-recursive-newline-filter.php","line":28}

Apr 25 2026 19:35:28
{"type":8192,"message":"Return type of Ai1wm_Recursive_Newline_Filter::accept() should either be compatible with FilterIterator::accept(): bool, or the #[\\ReturnTypeWillChange] attribute should be used to temporarily suppress the notice","file":"D:\\Projects\\Alawaresort\\wp-content\\plugins\\all-in-one-wp-migration-master\\lib\\vendor\\servmask\\filter\\class-ai1wm-recursive-newline-filter.php","line":28}

Apr 25 2026 19:35:29
{"type":8192,"message":"Return type of Ai1wm_Recursive_Newline_Filter::accept() should either be compatible with FilterIterator::accept(): bool, or the #[\\ReturnTypeWillChange] attribute should be used to temporarily suppress the notice","file":"D:\\Projects\\Alawaresort\\wp-content\\plugins\\all-in-one-wp-migration-master\\lib\\vendor\\servmask\\filter\\class-ai1wm-recursive-newline-filter.php","line":28}

Apr 25 2026 19:35:34
{"type":8192,"message":"Return type of Ai1wm_Recursive_Newline_Filter::accept() should either be compatible with FilterIterator::accept(): bool, or the #[\\ReturnTypeWillChange] attribute should be used to temporarily suppress the notice","file":"D:\\Projects\\Alawaresort\\wp-content\\plugins\\all-in-one-wp-migration-master\\lib\\vendor\\servmask\\filter\\class-ai1wm-recursive-newline-filter.php","line":28}

Apr 25 2026 19:35:35
{"type":8192,"message":"Return type of Ai1wm_Recursive_Newline_Filter::accept() should either be compatible with FilterIterator::accept(): bool, or the #[\\ReturnTypeWillChange] attribute should be used to temporarily suppress the notice","file":"D:\\Projects\\Alawaresort\\wp-content\\plugins\\all-in-one-wp-migration-master\\lib\\vendor\\servmask\\filter\\class-ai1wm-recursive-newline-filter.php","line":28}

Apr 25 2026 19:35:36
{"type":8192,"message":"Return type of Ai1wm_Recursive_Newline_Filter::accept() should either be compatible with FilterIterator::accept(): bool, or the #[\\ReturnTypeWillChange] attribute should be used to temporarily suppress the notice","file":"D:\\Projects\\Alawaresort\\wp-content\\plugins\\all-in-one-wp-migration-master\\lib\\vendor\\servmask\\filter\\class-ai1wm-recursive-newline-filter.php","line":28}

Apr 25 2026 19:35:36
{"type":8192,"message":"Return type of Ai1wm_Recursive_Newline_Filter::accept() should either be compatible with FilterIterator::accept(): bool, or the #[\\ReturnTypeWillChange] attribute should be used to temporarily suppress the notice","file":"D:\\Projects\\Alawaresort\\wp-content\\plugins\\all-in-one-wp-migration-master\\lib\\vendor\\servmask\\filter\\class-ai1wm-recursive-newline-filter.php","line":28}

